power analysis per cycle for hamming_6
./stuff/power_report_0_to_4.rpt:54:Total Power:                 0.06013756 
./stuff/power_report_4_to_8.rpt:54:Total Power:                 0.52179425 
./stuff/power_report_8_to_12.rpt:54:Total Power:                 0.39711758 
./stuff/power_report_12_to_16.rpt:54:Total Power:                 0.58041758 
./stuff/power_report_16_to_20.rpt:54:Total Power:                 0.39711758 
./stuff/power_report_20_to_24.rpt:54:Total Power:                 3.03809509 
./stuff/power_report_24_to_28.rpt:54:Total Power:                 0.39711758 
./stuff/power_report_28_to_32.rpt:54:Total Power:                 3.02139364 
./stuff/power_report_32_to_36.rpt:54:Total Power:                 0.39711758 
./stuff/power_report_36_to_40.rpt:54:Total Power:                 2.50272642 
./stuff/power_report_40_to_44.rpt:54:Total Power:                 0.39711758 
./stuff/power_report_44_to_48.rpt:54:Total Power:                 3.04075082 
./stuff/power_report_48_to_52.rpt:54:Total Power:                 0.39711758 
./stuff/power_report_52_to_56.rpt:54:Total Power:                 2.86955837 
./stuff/power_report_56_to_60.rpt:54:Total Power:                 0.39711758 
./stuff/power_report_60_to_64.rpt:54:Total Power:                 3.90095972 
./stuff/power_report_64_to_68.rpt:54:Total Power:                 0.39711758 
./stuff/power_report_68_to_72.rpt:54:Total Power:                 3.69374065 
./stuff/power_report_72_to_76.rpt:54:Total Power:                 0.39711758 
./stuff/power_report_76_to_80.rpt:54:Total Power:                 3.15333903 
./stuff/power_report_80_to_84.rpt:54:Total Power:                 0.39711758 
./stuff/power_report_84_to_88.rpt:54:Total Power:                 3.85601056 
./stuff/power_report_88_to_92.rpt:54:Total Power:                 0.39711758 
./stuff/power_report_92_to_96.rpt:54:Total Power:                 4.80843385 
./stuff/power_report_96_to_100.rpt:54:Total Power:                 0.39711758 
./stuff/power_report_100_to_104.rpt:54:Total Power:                 3.92756706 
./stuff/power_report_104_to_108.rpt:54:Total Power:                 0.39711758 
./stuff/power_report_108_to_112.rpt:54:Total Power:                 3.17340684 
./stuff/power_report_112_to_116.rpt:54:Total Power:                 0.39711758 
./stuff/power_report_116_to_120.rpt:54:Total Power:                 2.88711285 
./stuff/power_report_120_to_124.rpt:54:Total Power:                 0.39711758 
./stuff/power_report_124_to_128.rpt:54:Total Power:                 3.00609503 
./stuff/power_report_128_to_132.rpt:54:Total Power:                 0.39711758 
./stuff/power_report_132_to_136.rpt:54:Total Power:                 2.02007283 
./stuff/power_report_136_to_140.rpt:54:Total Power:                 0.39711758 
./stuff/power_report_140_to_144.rpt:54:Total Power:                 2.42966023 
./stuff/power_report_144_to_148.rpt:54:Total Power:                 0.39711758 
./stuff/power_report_148_to_152.rpt:54:Total Power:                 3.20782398 
./stuff/power_report_152_to_156.rpt:54:Total Power:                 0.39711758 
./stuff/power_report_156_to_160.rpt:54:Total Power:                 3.97136044 
./stuff/power_report_160_to_164.rpt:54:Total Power:                 0.39711758 
./stuff/power_report_164_to_168.rpt:54:Total Power:                 4.23670573 
./stuff/power_report_168_to_172.rpt:54:Total Power:                 0.39711758 
./stuff/power_report_172_to_176.rpt:54:Total Power:                 4.69606774 
./stuff/power_report_176_to_180.rpt:54:Total Power:                 0.39711758 
./stuff/power_report_180_to_184.rpt:54:Total Power:                 4.53389702 
./stuff/power_report_184_to_188.rpt:54:Total Power:                 0.39711758 
./stuff/power_report_188_to_192.rpt:54:Total Power:                 3.58863274 
./stuff/power_report_192_to_196.rpt:54:Total Power:                 0.39711758 
./stuff/power_report_196_to_200.rpt:54:Total Power:                 3.28765891 
./stuff/power_report_200_to_204.rpt:54:Total Power:                 0.39711758 
./stuff/power_report_204_to_208.rpt:54:Total Power:                 3.46610501 
./stuff/power_report_208_to_212.rpt:54:Total Power:                 0.39711758 
./stuff/power_report_212_to_216.rpt:54:Total Power:                 4.08346140 
./stuff/power_report_216_to_220.rpt:54:Total Power:                 0.39711758 
./stuff/power_report_220_to_224.rpt:54:Total Power:                 3.64973092 
./stuff/power_report_224_to_228.rpt:54:Total Power:                 0.39711758 
./stuff/power_report_228_to_232.rpt:54:Total Power:                 2.73787326 
./stuff/power_report_232_to_236.rpt:54:Total Power:                 0.39711758 
./stuff/power_report_236_to_240.rpt:54:Total Power:                 2.59226766 
./stuff/power_report_240_to_244.rpt:54:Total Power:                 0.39711758 
./stuff/power_report_244_to_248.rpt:54:Total Power:                 2.67938856 
./stuff/power_report_248_to_252.rpt:54:Total Power:                 0.39711758 
./stuff/power_report_252_to_256.rpt:54:Total Power:                 2.64841426 
./stuff/power_report_256_to_260.rpt:54:Total Power:                 0.39711758 
./stuff/power_report_260_to_264.rpt:54:Total Power:                 3.86264416 
./stuff/power_report_264_to_268.rpt:54:Total Power:                 0.39711758 
./stuff/power_report_268_to_272.rpt:54:Total Power:                 4.00895354 
./stuff/power_report_272_to_276.rpt:54:Total Power:                 0.39711758 
./stuff/power_report_276_to_280.rpt:54:Total Power:                 3.52938556 
./stuff/power_report_280_to_284.rpt:54:Total Power:                 0.39711758 
./stuff/power_report_284_to_288.rpt:54:Total Power:                 2.93869921 
./stuff/power_report_288_to_292.rpt:54:Total Power:                 0.39711758 
./stuff/power_report_292_to_296.rpt:54:Total Power:                 2.81230593 
./stuff/power_report_296_to_300.rpt:54:Total Power:                 0.39711758 
./stuff/power_report_300_to_304.rpt:54:Total Power:                 2.78243883 
./stuff/power_report_304_to_308.rpt:54:Total Power:                 0.39711758 
./stuff/power_report_308_to_312.rpt:54:Total Power:                 2.71444096 
./stuff/power_report_312_to_316.rpt:54:Total Power:                 0.39711758 
./stuff/power_report_316_to_320.rpt:54:Total Power:                 2.76617390 
./stuff/power_report_320_to_324.rpt:54:Total Power:                 0.39711758 
./stuff/power_report_324_to_328.rpt:54:Total Power:                 2.96758414 
./stuff/power_report_328_to_332.rpt:54:Total Power:                 0.39711758 
./stuff/power_report_332_to_336.rpt:54:Total Power:                 2.42902426 
./stuff/power_report_336_to_340.rpt:54:Total Power:                 0.39711758 
./stuff/power_report_340_to_344.rpt:54:Total Power:                 2.85589730 
./stuff/power_report_344_to_348.rpt:54:Total Power:                 0.39711758 
./stuff/power_report_348_to_352.rpt:54:Total Power:                 2.90959522 
./stuff/power_report_352_to_356.rpt:54:Total Power:                 0.39711758 
./stuff/power_report_356_to_360.rpt:54:Total Power:                 2.43996185 
./stuff/power_report_360_to_364.rpt:54:Total Power:                 0.39711758 
./stuff/power_report_364_to_368.rpt:54:Total Power:                 3.57093129 
./stuff/power_report_368_to_372.rpt:54:Total Power:                 0.39711758 
./stuff/power_report_372_to_376.rpt:54:Total Power:                 3.27122128 
./stuff/power_report_376_to_380.rpt:54:Total Power:                 0.39711758 
./stuff/power_report_380_to_384.rpt:54:Total Power:                 3.59377172 
./stuff/power_report_384_to_388.rpt:54:Total Power:                 0.39711758 
./stuff/power_report_388_to_392.rpt:54:Total Power:                 4.22605900 
./stuff/power_report_392_to_396.rpt:54:Total Power:                 0.39711758 
./stuff/power_report_396_to_400.rpt:54:Total Power:                 3.23194506 
./stuff/power_report_400_to_404.rpt:54:Total Power:                 0.39711758 
./stuff/power_report_404_to_408.rpt:54:Total Power:                 3.91158391 
./stuff/power_report_408_to_412.rpt:54:Total Power:                 0.39711758 
./stuff/power_report_412_to_416.rpt:54:Total Power:                 4.46354302 
./stuff/power_report_416_to_420.rpt:54:Total Power:                 0.39711758 
./stuff/power_report_420_to_424.rpt:54:Total Power:                 4.33455758 
./stuff/power_report_424_to_428.rpt:54:Total Power:                 0.39711758 
./stuff/power_report_428_to_432.rpt:54:Total Power:                 3.50971336 
./stuff/power_report_432_to_436.rpt:54:Total Power:                 0.39711758 
./stuff/power_report_436_to_440.rpt:54:Total Power:                 3.06452857 
./stuff/power_report_440_to_444.rpt:54:Total Power:                 0.39711758 
./stuff/power_report_444_to_448.rpt:54:Total Power:                 3.34724048 
./stuff/power_report_448_to_452.rpt:54:Total Power:                 0.39711758 
./stuff/power_report_452_to_456.rpt:54:Total Power:                 3.57223261 
./stuff/power_report_456_to_460.rpt:54:Total Power:                 0.39711758 
./stuff/power_report_460_to_464.rpt:54:Total Power:                 3.72917502 
./stuff/power_report_464_to_468.rpt:54:Total Power:                 0.39711758 
./stuff/power_report_468_to_472.rpt:54:Total Power:                 3.52933185 
./stuff/power_report_472_to_476.rpt:54:Total Power:                 0.39711758 
./stuff/power_report_476_to_480.rpt:54:Total Power:                 3.89059519 
./stuff/power_report_480_to_484.rpt:54:Total Power:                 0.39711758 
./stuff/power_report_484_to_488.rpt:54:Total Power:                 3.55039706 
./stuff/power_report_488_to_492.rpt:54:Total Power:                 0.39711758 
./stuff/power_report_492_to_496.rpt:54:Total Power:                 3.56486101 
./stuff/power_report_496_to_500.rpt:54:Total Power:                 0.39711758 
./stuff/power_report_500_to_504.rpt:54:Total Power:                 3.59924997 
./stuff/power_report_504_to_508.rpt:54:Total Power:                 0.39711758 
./stuff/power_report_508_to_512.rpt:54:Total Power:                 3.14008914 
./stuff/power_report_512_to_516.rpt:54:Total Power:                 0.39711758 
./stuff/power_report_516_to_520.rpt:54:Total Power:                 3.11176290 
./stuff/power_report_520_to_524.rpt:54:Total Power:                 0.39711758 
./stuff/power_report_524_to_528.rpt:54:Total Power:                 3.14133286 
./stuff/power_report_528_to_532.rpt:54:Total Power:                 0.39711758 
./stuff/power_report_532_to_536.rpt:54:Total Power:                 3.73587346 
./stuff/power_report_536_to_540.rpt:54:Total Power:                 0.39711758 
./stuff/power_report_540_to_544.rpt:54:Total Power:                 3.71523114 
./stuff/power_report_544_to_548.rpt:54:Total Power:                 0.39711758 
./stuff/power_report_548_to_552.rpt:54:Total Power:                 3.92666530 
./stuff/power_report_552_to_556.rpt:54:Total Power:                 0.39711758 
./stuff/power_report_556_to_560.rpt:54:Total Power:                 3.76453828 
./stuff/power_report_560_to_564.rpt:54:Total Power:                 0.39711758 
./stuff/power_report_564_to_568.rpt:54:Total Power:                 3.67691157 
./stuff/power_report_568_to_572.rpt:54:Total Power:                 0.39711758 
./stuff/power_report_572_to_576.rpt:54:Total Power:                 2.95375562 
./stuff/power_report_576_to_580.rpt:54:Total Power:                 0.39711758 
./stuff/power_report_580_to_584.rpt:54:Total Power:                 2.61963061 
./stuff/power_report_584_to_588.rpt:54:Total Power:                 0.39711758 
./stuff/power_report_588_to_592.rpt:54:Total Power:                 3.63909644 
./stuff/power_report_592_to_596.rpt:54:Total Power:                 0.39711758 
./stuff/power_report_596_to_600.rpt:54:Total Power:                 3.40554729 
./stuff/power_report_600_to_604.rpt:54:Total Power:                 0.39711758 
./stuff/power_report_604_to_608.rpt:54:Total Power:                 2.69240177 
./stuff/power_report_608_to_612.rpt:54:Total Power:                 0.39711758 
./stuff/power_report_612_to_616.rpt:54:Total Power:                 3.24406078 
./stuff/power_report_616_to_620.rpt:54:Total Power:                 0.39711758 
./stuff/power_report_620_to_624.rpt:54:Total Power:                 3.14763341 
./stuff/power_report_624_to_628.rpt:54:Total Power:                 0.39711758 
./stuff/power_report_628_to_632.rpt:54:Total Power:                 2.87661746 
./stuff/power_report_632_to_636.rpt:54:Total Power:                 0.39711758 
./stuff/power_report_636_to_640.rpt:54:Total Power:                 3.12638265 
./stuff/power_report_640_to_644.rpt:54:Total Power:                 0.39711758 
./stuff/power_report_644_to_648.rpt:54:Total Power:                 2.83974845 
./stuff/power_report_648_to_652.rpt:54:Total Power:                 0.39711758 
./stuff/power_report_652_to_656.rpt:54:Total Power:                 2.93898223 
./stuff/power_report_656_to_660.rpt:54:Total Power:                 0.39711758 
./stuff/power_report_660_to_664.rpt:54:Total Power:                 4.30754454 
./stuff/power_report_664_to_668.rpt:54:Total Power:                 0.39711758 
./stuff/power_report_668_to_672.rpt:54:Total Power:                 3.66112859 
./stuff/power_report_672_to_676.rpt:54:Total Power:                 0.39711758 
./stuff/power_report_676_to_680.rpt:54:Total Power:                 2.09372094 
./stuff/power_report_680_to_684.rpt:54:Total Power:                 0.39711758 
./stuff/power_report_684_to_688.rpt:54:Total Power:                 2.92036728 
./stuff/power_report_688_to_692.rpt:54:Total Power:                 0.39711758 
./stuff/power_report_692_to_696.rpt:54:Total Power:                 2.93160658 
./stuff/power_report_696_to_700.rpt:54:Total Power:                 0.39711758 
./stuff/power_report_700_to_704.rpt:54:Total Power:                 3.38555299 
./stuff/power_report_704_to_708.rpt:54:Total Power:                 0.39711758 
./stuff/power_report_708_to_712.rpt:54:Total Power:                 3.81430108 
./stuff/power_report_712_to_716.rpt:54:Total Power:                 0.39711758 
./stuff/power_report_716_to_720.rpt:54:Total Power:                 4.16249971 
./stuff/power_report_720_to_724.rpt:54:Total Power:                 0.39711758 
./stuff/power_report_724_to_728.rpt:54:Total Power:                 4.41532361 
./stuff/power_report_728_to_732.rpt:54:Total Power:                 0.39711758 
./stuff/power_report_732_to_736.rpt:54:Total Power:                 4.46492858 
./stuff/power_report_736_to_740.rpt:54:Total Power:                 0.39711758 
./stuff/power_report_740_to_744.rpt:54:Total Power:                 4.55031616 
./stuff/power_report_744_to_748.rpt:54:Total Power:                 0.39711758 
./stuff/power_report_748_to_752.rpt:54:Total Power:                 3.84340583 
./stuff/power_report_752_to_756.rpt:54:Total Power:                 0.39711758 
./stuff/power_report_756_to_760.rpt:54:Total Power:                 3.82570431 
./stuff/power_report_760_to_764.rpt:54:Total Power:                 0.39711758 
./stuff/power_report_764_to_768.rpt:54:Total Power:                 3.36649220 
./stuff/power_report_768_to_772.rpt:54:Total Power:                 0.39711758 
./stuff/power_report_772_to_776.rpt:54:Total Power:                 3.69845154 
./stuff/power_report_776_to_780.rpt:54:Total Power:                 0.39711758 
./stuff/power_report_780_to_784.rpt:54:Total Power:                 2.97303595 
./stuff/power_report_784_to_788.rpt:54:Total Power:                 0.39711758 
./stuff/power_report_788_to_792.rpt:54:Total Power:                 2.77972655 
./stuff/power_report_792_to_796.rpt:54:Total Power:                 0.39711758 
./stuff/power_report_796_to_800.rpt:54:Total Power:                 2.58564711 
./stuff/power_report_800_to_804.rpt:54:Total Power:                 0.39711758 
./stuff/power_report_804_to_808.rpt:54:Total Power:                 2.60814268 
./stuff/power_report_808_to_812.rpt:54:Total Power:                 0.39711758 
./stuff/power_report_812_to_816.rpt:54:Total Power:                 3.27942777 
./stuff/power_report_816_to_820.rpt:54:Total Power:                 0.39711758 
./stuff/power_report_820_to_824.rpt:54:Total Power:                 3.95304525 
./stuff/power_report_824_to_828.rpt:54:Total Power:                 0.39711758 
./stuff/power_report_828_to_832.rpt:54:Total Power:                 4.13930383 
./stuff/power_report_832_to_836.rpt:54:Total Power:                 0.39711758 
./stuff/power_report_836_to_840.rpt:54:Total Power:                 3.31594961 
./stuff/power_report_840_to_844.rpt:54:Total Power:                 0.39711758 
./stuff/power_report_844_to_848.rpt:54:Total Power:                 3.50123164 
./stuff/power_report_848_to_852.rpt:54:Total Power:                 0.39711758 
./stuff/power_report_852_to_856.rpt:54:Total Power:                 3.84833367 
./stuff/power_report_856_to_860.rpt:54:Total Power:                 0.39711758 
./stuff/power_report_860_to_864.rpt:54:Total Power:                 3.99883466 
./stuff/power_report_864_to_868.rpt:54:Total Power:                 0.39711758 
./stuff/power_report_868_to_872.rpt:54:Total Power:                 4.21417572 
./stuff/power_report_872_to_876.rpt:54:Total Power:                 0.39711758 
./stuff/power_report_876_to_880.rpt:54:Total Power:                 4.00762458 
./stuff/power_report_880_to_884.rpt:54:Total Power:                 0.39711758 
./stuff/power_report_884_to_888.rpt:54:Total Power:                 3.70203024 
./stuff/power_report_888_to_892.rpt:54:Total Power:                 0.39711758 
./stuff/power_report_892_to_896.rpt:54:Total Power:                 3.88492047 
./stuff/power_report_896_to_900.rpt:54:Total Power:                 0.39711758 
./stuff/power_report_900_to_904.rpt:54:Total Power:                 3.50000636 
./stuff/power_report_904_to_908.rpt:54:Total Power:                 0.39711758 
./stuff/power_report_908_to_912.rpt:54:Total Power:                 3.87623634 
./stuff/power_report_912_to_916.rpt:54:Total Power:                 0.39711758 
./stuff/power_report_916_to_920.rpt:54:Total Power:                 3.80437283 
./stuff/power_report_920_to_924.rpt:54:Total Power:                 0.39711758 
./stuff/power_report_924_to_928.rpt:54:Total Power:                 3.20307673 
./stuff/power_report_928_to_932.rpt:54:Total Power:                 0.39711758 
./stuff/power_report_932_to_936.rpt:54:Total Power:                 2.90107097 
./stuff/power_report_936_to_940.rpt:54:Total Power:                 0.39711758 
./stuff/power_report_940_to_944.rpt:54:Total Power:                 2.89787941 
./stuff/power_report_944_to_948.rpt:54:Total Power:                 0.39711758 
./stuff/power_report_948_to_952.rpt:54:Total Power:                 3.56704193 
./stuff/power_report_952_to_956.rpt:54:Total Power:                 0.39711758 
./stuff/power_report_956_to_960.rpt:54:Total Power:                 3.07997878 
./stuff/power_report_960_to_964.rpt:54:Total Power:                 0.39711758 
./stuff/power_report_964_to_968.rpt:54:Total Power:                 2.69139178 
./stuff/power_report_968_to_972.rpt:54:Total Power:                 0.39711758 
./stuff/power_report_972_to_976.rpt:54:Total Power:                 3.85745819 
./stuff/power_report_976_to_980.rpt:54:Total Power:                 0.39711758 
./stuff/power_report_980_to_984.rpt:54:Total Power:                 3.83093630 
./stuff/power_report_984_to_988.rpt:54:Total Power:                 0.39711758 
./stuff/power_report_988_to_992.rpt:54:Total Power:                 3.75571465 
./stuff/power_report_992_to_996.rpt:54:Total Power:                 0.39711758 
./stuff/power_report_996_to_1000.rpt:54:Total Power:                 3.43375204 
./stuff/power_report_1000_to_1004.rpt:54:Total Power:                 0.39711758 
./stuff/power_report_1004_to_1008.rpt:54:Total Power:                 2.95158871 
./stuff/power_report_1008_to_1012.rpt:54:Total Power:                 0.39711758 
./stuff/power_report_1012_to_1016.rpt:54:Total Power:                 2.47118646 
./stuff/power_report_1016_to_1020.rpt:54:Total Power:                 0.39711758 
./stuff/power_report_1020_to_1024.rpt:54:Total Power:                 2.60682501 
./stuff/power_report_1024_to_1028.rpt:54:Total Power:                 0.39711758 
./stuff/power_report_1028_to_1032.rpt:54:Total Power:                 2.85990787 
./stuff/power_report_1032_to_1036.rpt:54:Total Power:                 0.39711758 
./stuff/power_report_1036_to_1040.rpt:54:Total Power:                 2.93861943 
./stuff/power_report_1040_to_1044.rpt:54:Total Power:                 0.39711758 
./stuff/power_report_1044_to_1048.rpt:54:Total Power:                 4.00633867 
./stuff/power_report_1048_to_1052.rpt:54:Total Power:                 0.39711758 
./stuff/power_report_1052_to_1056.rpt:54:Total Power:                 3.36637410 
./stuff/power_report_1056_to_1060.rpt:54:Total Power:                 0.39711758 
./stuff/power_report_1060_to_1064.rpt:54:Total Power:                 2.98093699 
./stuff/power_report_1064_to_1068.rpt:54:Total Power:                 0.39711758 
./stuff/power_report_1068_to_1072.rpt:54:Total Power:                 3.87137825 
./stuff/power_report_1072_to_1076.rpt:54:Total Power:                 0.39711758 
./stuff/power_report_1076_to_1080.rpt:54:Total Power:                 3.45230263 
./stuff/power_report_1080_to_1084.rpt:54:Total Power:                 0.39711758 
./stuff/power_report_1084_to_1088.rpt:54:Total Power:                 3.20352309 
./stuff/power_report_1088_to_1092.rpt:54:Total Power:                 0.39711758 
./stuff/power_report_1092_to_1096.rpt:54:Total Power:                 3.94253012 
./stuff/power_report_1096_to_1100.rpt:54:Total Power:                 0.39711758 
./stuff/power_report_1100_to_1104.rpt:54:Total Power:                 2.77436678 
./stuff/power_report_1104_to_1108.rpt:54:Total Power:                 0.39711758 
./stuff/power_report_1108_to_1112.rpt:54:Total Power:                 2.41859172 
./stuff/power_report_1112_to_1116.rpt:54:Total Power:                 0.39711758 
./stuff/power_report_1116_to_1120.rpt:54:Total Power:                 3.46111567 
./stuff/power_report_1120_to_1124.rpt:54:Total Power:                 0.39711758 
./stuff/power_report_1124_to_1128.rpt:54:Total Power:                 4.27775931 
./stuff/power_report_1128_to_1132.rpt:54:Total Power:                 0.39711758 
./stuff/power_report_1132_to_1136.rpt:54:Total Power:                 3.98195161 
./stuff/power_report_1136_to_1140.rpt:54:Total Power:                 0.39711758 
./stuff/power_report_1140_to_1144.rpt:54:Total Power:                 3.67761519 
./stuff/power_report_1144_to_1148.rpt:54:Total Power:                 0.39711758 
./stuff/power_report_1148_to_1152.rpt:54:Total Power:                 3.38087142 
./stuff/power_report_1152_to_1156.rpt:54:Total Power:                 0.39711758 
./stuff/power_report_1156_to_1160.rpt:54:Total Power:                 2.78153724 
./stuff/power_report_1160_to_1164.rpt:54:Total Power:                 0.39711758 
./stuff/power_report_1164_to_1168.rpt:54:Total Power:                 2.41449177 
./stuff/power_report_1168_to_1172.rpt:54:Total Power:                 0.39711758 
./stuff/power_report_1172_to_1176.rpt:54:Total Power:                 2.31050261 
./stuff/power_report_1176_to_1180.rpt:54:Total Power:                 0.39711758 
./stuff/power_report_1180_to_1184.rpt:54:Total Power:                 2.20728178 
./stuff/power_report_1184_to_1188.rpt:54:Total Power:                 0.39711758 
./stuff/power_report_1188_to_1192.rpt:54:Total Power:                 2.60613306 
./stuff/power_report_1192_to_1196.rpt:54:Total Power:                 0.39711758 
./stuff/power_report_1196_to_1200.rpt:54:Total Power:                 3.46947293 
./stuff/power_report_1200_to_1204.rpt:54:Total Power:                 0.39711758 
./stuff/power_report_1204_to_1208.rpt:54:Total Power:                 3.75190097 
./stuff/power_report_1208_to_1212.rpt:54:Total Power:                 0.39711758 
./stuff/power_report_1212_to_1216.rpt:54:Total Power:                 3.70135585 
./stuff/power_report_1216_to_1220.rpt:54:Total Power:                 0.39711758 
./stuff/power_report_1220_to_1224.rpt:54:Total Power:                 3.39182645 
./stuff/power_report_1224_to_1228.rpt:54:Total Power:                 0.39711758 
./stuff/power_report_1228_to_1232.rpt:54:Total Power:                 2.99936514 
./stuff/power_report_1232_to_1236.rpt:54:Total Power:                 0.39711758 
./stuff/power_report_1236_to_1240.rpt:54:Total Power:                 3.81743004 
./stuff/power_report_1240_to_1244.rpt:54:Total Power:                 0.39711758 
./stuff/power_report_1244_to_1248.rpt:54:Total Power:                 3.63488509 
./stuff/power_report_1248_to_1252.rpt:54:Total Power:                 0.39711758 
./stuff/power_report_1252_to_1256.rpt:54:Total Power:                 2.96820742 
./stuff/power_report_1256_to_1260.rpt:54:Total Power:                 0.39711758 
./stuff/power_report_1260_to_1264.rpt:54:Total Power:                 3.58878090 
./stuff/power_report_1264_to_1268.rpt:54:Total Power:                 0.39711758 
./stuff/power_report_1268_to_1272.rpt:54:Total Power:                 4.26440144 
./stuff/power_report_1272_to_1276.rpt:54:Total Power:                 0.39711758 
./stuff/power_report_1276_to_1280.rpt:54:Total Power:                 3.73441747 
./stuff/power_report_1280_to_1284.rpt:54:Total Power:                 0.39711758 
./stuff/power_report_1284_to_1288.rpt:54:Total Power:                 3.75284499 
./stuff/power_report_1288_to_1292.rpt:54:Total Power:                 0.39711758 
./stuff/power_report_1292_to_1296.rpt:54:Total Power:                 4.01886353 
./stuff/power_report_1296_to_1300.rpt:54:Total Power:                 0.39711758 
./stuff/power_report_1300_to_1304.rpt:54:Total Power:                 4.15268980 
./stuff/power_report_1304_to_1308.rpt:54:Total Power:                 0.39711758 
./stuff/power_report_1308_to_1312.rpt:54:Total Power:                 3.51600189 
./stuff/power_report_1312_to_1316.rpt:54:Total Power:                 0.39711758 
./stuff/power_report_1316_to_1320.rpt:54:Total Power:                 2.41808176 
./stuff/power_report_1320_to_1324.rpt:54:Total Power:                 0.39711758 
./stuff/power_report_1324_to_1328.rpt:54:Total Power:                 3.54573453 
./stuff/power_report_1328_to_1332.rpt:54:Total Power:                 0.39711758 
./stuff/power_report_1332_to_1336.rpt:54:Total Power:                 3.85944434 
./stuff/power_report_1336_to_1340.rpt:54:Total Power:                 0.39711758 
./stuff/power_report_1340_to_1344.rpt:54:Total Power:                 3.81006521 
./stuff/power_report_1344_to_1348.rpt:54:Total Power:                 0.39711758 
./stuff/power_report_1348_to_1352.rpt:54:Total Power:                 4.77880329 
./stuff/power_report_1352_to_1356.rpt:54:Total Power:                 0.39711758 
./stuff/power_report_1356_to_1360.rpt:54:Total Power:                 4.38204502 
./stuff/power_report_1360_to_1364.rpt:54:Total Power:                 0.39711758 
./stuff/power_report_1364_to_1368.rpt:54:Total Power:                 3.98099716 
./stuff/power_report_1368_to_1372.rpt:54:Total Power:                 0.39711758 
./stuff/power_report_1372_to_1376.rpt:54:Total Power:                 4.30679336 
./stuff/power_report_1376_to_1380.rpt:54:Total Power:                 0.39711758 
./stuff/power_report_1380_to_1384.rpt:54:Total Power:                 3.40804897 
./stuff/power_report_1384_to_1388.rpt:54:Total Power:                 0.39711758 
./stuff/power_report_1388_to_1392.rpt:54:Total Power:                 3.85742611 
./stuff/power_report_1392_to_1396.rpt:54:Total Power:                 0.39711758 
./stuff/power_report_1396_to_1400.rpt:54:Total Power:                 3.96332457 
./stuff/power_report_1400_to_1404.rpt:54:Total Power:                 0.39711758 
./stuff/power_report_1404_to_1408.rpt:54:Total Power:                 3.55087825 
./stuff/power_report_1408_to_1412.rpt:54:Total Power:                 0.39711758 
./stuff/power_report_1412_to_1416.rpt:54:Total Power:                 2.90728590 
./stuff/power_report_1416_to_1420.rpt:54:Total Power:                 0.39711758 
./stuff/power_report_1420_to_1424.rpt:54:Total Power:                 3.24773695 
./stuff/power_report_1424_to_1428.rpt:54:Total Power:                 0.39711758 
./stuff/power_report_1428_to_1432.rpt:54:Total Power:                 3.53936452 
./stuff/power_report_1432_to_1436.rpt:54:Total Power:                 0.39711758 
./stuff/power_report_1436_to_1440.rpt:54:Total Power:                 3.80359081 
./stuff/power_report_1440_to_1444.rpt:54:Total Power:                 0.39711758 
./stuff/power_report_1444_to_1448.rpt:54:Total Power:                 2.68200370 
./stuff/power_report_1448_to_1452.rpt:54:Total Power:                 0.39711758 
./stuff/power_report_1452_to_1456.rpt:54:Total Power:                 2.77814811 
./stuff/power_report_1456_to_1460.rpt:54:Total Power:                 0.39711758 
./stuff/power_report_1460_to_1464.rpt:54:Total Power:                 3.16050496 
./stuff/power_report_1464_to_1468.rpt:54:Total Power:                 0.39711758 
./stuff/power_report_1468_to_1472.rpt:54:Total Power:                 3.19799298 
./stuff/power_report_1472_to_1476.rpt:54:Total Power:                 0.39711758 
./stuff/power_report_1476_to_1480.rpt:54:Total Power:                 3.87317384 
./stuff/power_report_1480_to_1484.rpt:54:Total Power:                 0.39711758 
./stuff/power_report_1484_to_1488.rpt:54:Total Power:                 3.74364453 
./stuff/power_report_1488_to_1492.rpt:54:Total Power:                 0.39711758 
./stuff/power_report_1492_to_1496.rpt:54:Total Power:                 3.26753187 
./stuff/power_report_1496_to_1500.rpt:54:Total Power:                 0.39711758 
./stuff/power_report_1500_to_1504.rpt:54:Total Power:                 2.72227257 
./stuff/power_report_1504_to_1508.rpt:54:Total Power:                 0.39711758 
./stuff/power_report_1508_to_1512.rpt:54:Total Power:                 2.35112597 
./stuff/power_report_1512_to_1516.rpt:54:Total Power:                 0.39711758 
./stuff/power_report_1516_to_1520.rpt:54:Total Power:                 2.87723746 
./stuff/power_report_1520_to_1524.rpt:54:Total Power:                 0.39711758 
./stuff/power_report_1524_to_1528.rpt:54:Total Power:                 3.11600318 
./stuff/power_report_1528_to_1532.rpt:54:Total Power:                 0.39711758 
./stuff/power_report_1532_to_1536.rpt:54:Total Power:                 3.16899227 
./stuff/power_report_1536_to_1540.rpt:54:Total Power:                 0.39711758 
./stuff/power_report_1540_to_1544.rpt:54:Total Power:                 3.49021222 
./stuff/power_report_1544_to_1548.rpt:54:Total Power:                 0.39711758 
./stuff/power_report_1548_to_1552.rpt:54:Total Power:                 2.11920703 
./stuff/power_report_1552_to_1556.rpt:54:Total Power:                 0.39711758 
./stuff/power_report_1556_to_1560.rpt:54:Total Power:                 2.39850350 
./stuff/power_report_1560_to_1564.rpt:54:Total Power:                 0.39711758 
./stuff/power_report_1564_to_1568.rpt:54:Total Power:                 3.70753505 
./stuff/power_report_1568_to_1572.rpt:54:Total Power:                 0.39711758 
./stuff/power_report_1572_to_1576.rpt:54:Total Power:                 3.75019531 
./stuff/power_report_1576_to_1580.rpt:54:Total Power:                 0.39711758 
./stuff/power_report_1580_to_1584.rpt:54:Total Power:                 3.04803285 
./stuff/power_report_1584_to_1588.rpt:54:Total Power:                 0.39711758 
./stuff/power_report_1588_to_1592.rpt:54:Total Power:                 3.62470966 
./stuff/power_report_1592_to_1596.rpt:54:Total Power:                 0.39711758 
./stuff/power_report_1596_to_1600.rpt:54:Total Power:                 3.41036276 
./stuff/power_report_1600_to_1604.rpt:54:Total Power:                 0.39711758 
./stuff/power_report_1604_to_1608.rpt:54:Total Power:                 3.70038297 
./stuff/power_report_1608_to_1612.rpt:54:Total Power:                 0.39711758 
./stuff/power_report_1612_to_1616.rpt:54:Total Power:                 3.73705719 
./stuff/power_report_1616_to_1620.rpt:54:Total Power:                 0.39711758 
./stuff/power_report_1620_to_1624.rpt:54:Total Power:                 3.96256774 
./stuff/power_report_1624_to_1628.rpt:54:Total Power:                 0.39711758 
./stuff/power_report_1628_to_1632.rpt:54:Total Power:                 3.77722130 
./stuff/power_report_1632_to_1636.rpt:54:Total Power:                 0.39711758 
./stuff/power_report_1636_to_1640.rpt:54:Total Power:                 4.07482056 
./stuff/power_report_1640_to_1644.rpt:54:Total Power:                 0.39711758 
./stuff/power_report_1644_to_1648.rpt:54:Total Power:                 3.57178853 
./stuff/power_report_1648_to_1652.rpt:54:Total Power:                 0.39711758 
./stuff/power_report_1652_to_1656.rpt:54:Total Power:                 2.29503013 
./stuff/power_report_1656_to_1660.rpt:54:Total Power:                 0.39711758 
./stuff/power_report_1660_to_1664.rpt:54:Total Power:                 3.05501577 
./stuff/power_report_1664_to_1668.rpt:54:Total Power:                 0.39711758 
./stuff/power_report_1668_to_1672.rpt:54:Total Power:                 4.10727352 
./stuff/power_report_1672_to_1676.rpt:54:Total Power:                 0.39711758 
./stuff/power_report_1676_to_1680.rpt:54:Total Power:                 3.27065613 
./stuff/power_report_1680_to_1684.rpt:54:Total Power:                 0.39711758 
./stuff/power_report_1684_to_1688.rpt:54:Total Power:                 2.86650688 
./stuff/power_report_1688_to_1692.rpt:54:Total Power:                 0.39711758 
./stuff/power_report_1692_to_1696.rpt:54:Total Power:                 3.25175386 
./stuff/power_report_1696_to_1700.rpt:54:Total Power:                 0.39711758 
./stuff/power_report_1700_to_1704.rpt:54:Total Power:                 3.48078135 
./stuff/power_report_1704_to_1708.rpt:54:Total Power:                 0.39711758 
./stuff/power_report_1708_to_1712.rpt:54:Total Power:                 3.50076310 
./stuff/power_report_1712_to_1716.rpt:54:Total Power:                 0.39711758 
./stuff/power_report_1716_to_1720.rpt:54:Total Power:                 2.92877223 
./stuff/power_report_1720_to_1724.rpt:54:Total Power:                 0.39711758 
./stuff/power_report_1724_to_1728.rpt:54:Total Power:                 3.02241078 
./stuff/power_report_1728_to_1732.rpt:54:Total Power:                 0.39711758 
./stuff/power_report_1732_to_1736.rpt:54:Total Power:                 3.78624165 
./stuff/power_report_1736_to_1740.rpt:54:Total Power:                 0.39711758 
./stuff/power_report_1740_to_1744.rpt:54:Total Power:                 3.38419236 
./stuff/power_report_1744_to_1748.rpt:54:Total Power:                 0.39711758 
./stuff/power_report_1748_to_1752.rpt:54:Total Power:                 2.65664190 
./stuff/power_report_1752_to_1756.rpt:54:Total Power:                 0.39711758 
./stuff/power_report_1756_to_1760.rpt:54:Total Power:                 2.33853531 
./stuff/power_report_1760_to_1764.rpt:54:Total Power:                 0.39711758 
./stuff/power_report_1764_to_1768.rpt:54:Total Power:                 3.47023559 
./stuff/power_report_1768_to_1772.rpt:54:Total Power:                 0.39711758 
./stuff/power_report_1772_to_1776.rpt:54:Total Power:                 3.98156234 
./stuff/power_report_1776_to_1780.rpt:54:Total Power:                 0.39711758 
./stuff/power_report_1780_to_1784.rpt:54:Total Power:                 3.47913266 
./stuff/power_report_1784_to_1788.rpt:54:Total Power:                 0.39711758 
./stuff/power_report_1788_to_1792.rpt:54:Total Power:                 2.90207378 
./stuff/power_report_1792_to_1796.rpt:54:Total Power:                 0.39711758 
./stuff/power_report_1796_to_1800.rpt:54:Total Power:                 3.31054011 
./stuff/power_report_1800_to_1804.rpt:54:Total Power:                 0.39711758 
./stuff/power_report_1804_to_1808.rpt:54:Total Power:                 2.68881340 
./stuff/power_report_1808_to_1812.rpt:54:Total Power:                 0.39711758 
./stuff/power_report_1812_to_1816.rpt:54:Total Power:                 3.09203760 
./stuff/power_report_1816_to_1820.rpt:54:Total Power:                 0.39711758 
./stuff/power_report_1820_to_1824.rpt:54:Total Power:                 2.92419249 
./stuff/power_report_1824_to_1828.rpt:54:Total Power:                 0.39711758 
./stuff/power_report_1828_to_1832.rpt:54:Total Power:                 2.98954935 
./stuff/power_report_1832_to_1836.rpt:54:Total Power:                 0.39711758 
./stuff/power_report_1836_to_1840.rpt:54:Total Power:                 2.74931272 
./stuff/power_report_1840_to_1844.rpt:54:Total Power:                 0.39711758 
./stuff/power_report_1844_to_1848.rpt:54:Total Power:                 2.42430149 
./stuff/power_report_1848_to_1852.rpt:54:Total Power:                 0.39711758 
./stuff/power_report_1852_to_1856.rpt:54:Total Power:                 1.98053005 
./stuff/power_report_1856_to_1860.rpt:54:Total Power:                 0.39711758 
./stuff/power_report_1860_to_1864.rpt:54:Total Power:                 2.28670951 
./stuff/power_report_1864_to_1868.rpt:54:Total Power:                 0.39711758 
./stuff/power_report_1868_to_1872.rpt:54:Total Power:                 2.32702642 
./stuff/power_report_1872_to_1876.rpt:54:Total Power:                 0.39711758 
./stuff/power_report_1876_to_1880.rpt:54:Total Power:                 2.40358654 
./stuff/power_report_1880_to_1884.rpt:54:Total Power:                 0.39711758 
./stuff/power_report_1884_to_1888.rpt:54:Total Power:                 3.31612225 
./stuff/power_report_1888_to_1892.rpt:54:Total Power:                 0.39711758 
./stuff/power_report_1892_to_1896.rpt:54:Total Power:                 4.45448878 
./stuff/power_report_1896_to_1900.rpt:54:Total Power:                 0.39711758 
./stuff/power_report_1900_to_1904.rpt:54:Total Power:                 4.11883794 
./stuff/power_report_1904_to_1908.rpt:54:Total Power:                 0.39711758 
./stuff/power_report_1908_to_1912.rpt:54:Total Power:                 3.53181300 
./stuff/power_report_1912_to_1916.rpt:54:Total Power:                 0.39711758 
./stuff/power_report_1916_to_1920.rpt:54:Total Power:                 3.09891742 
./stuff/power_report_1920_to_1924.rpt:54:Total Power:                 0.39711758 
./stuff/power_report_1924_to_1928.rpt:54:Total Power:                 3.54744031 
./stuff/power_report_1928_to_1932.rpt:54:Total Power:                 0.39711758 
./stuff/power_report_1932_to_1936.rpt:54:Total Power:                 3.95355356 
./stuff/power_report_1936_to_1940.rpt:54:Total Power:                 0.39711758 
./stuff/power_report_1940_to_1944.rpt:54:Total Power:                 3.59751233 
./stuff/power_report_1944_to_1948.rpt:54:Total Power:                 0.39711758 
./stuff/power_report_1948_to_1952.rpt:54:Total Power:                 3.47350990 
./stuff/power_report_1952_to_1956.rpt:54:Total Power:                 0.39711758 
./stuff/power_report_1956_to_1960.rpt:54:Total Power:                 2.18030952 
./stuff/power_report_1960_to_1964.rpt:54:Total Power:                 0.39711758 
./stuff/power_report_1964_to_1968.rpt:54:Total Power:                 3.03293202 
./stuff/power_report_1968_to_1972.rpt:54:Total Power:                 0.39711758 
./stuff/power_report_1972_to_1976.rpt:54:Total Power:                 3.10739246 
./stuff/power_report_1976_to_1980.rpt:54:Total Power:                 0.39711758 
./stuff/power_report_1980_to_1984.rpt:54:Total Power:                 2.80486962 
./stuff/power_report_1984_to_1988.rpt:54:Total Power:                 0.39711758 
./stuff/power_report_1988_to_1992.rpt:54:Total Power:                 3.27717175 
./stuff/power_report_1992_to_1996.rpt:54:Total Power:                 0.39711758 
./stuff/power_report_1996_to_2000.rpt:54:Total Power:                 4.29051618 
./stuff/power_report_2000_to_2004.rpt:54:Total Power:                 0.39711758 
./stuff/power_report_2004_to_2008.rpt:54:Total Power:                 4.26246747 
./stuff/power_report_2008_to_2012.rpt:54:Total Power:                 0.39711758 
./stuff/power_report_2012_to_2016.rpt:54:Total Power:                 3.26175438 
./stuff/power_report_2016_to_2020.rpt:54:Total Power:                 0.39711758 
./stuff/power_report_2020_to_2024.rpt:54:Total Power:                 2.69704194 
./stuff/power_report_2024_to_2028.rpt:54:Total Power:                 0.39711758 
./stuff/power_report_2028_to_2032.rpt:54:Total Power:                 3.71348478 
./stuff/power_report_2032_to_2036.rpt:54:Total Power:                 0.39711758 
./stuff/power_report_2036_to_2040.rpt:54:Total Power:                 3.29921897 
./stuff/power_report_2040_to_2044.rpt:54:Total Power:                 0.39711758 
./stuff/power_report_2044_to_2048.rpt:54:Total Power:                 3.43998975 
./stuff/power_report_2048_to_2052.rpt:54:Total Power:                 0.39711758 
./stuff/power_report_2052_to_2056.rpt:54:Total Power:                 2.74993809 
./stuff/power_report_2056_to_2060.rpt:54:Total Power:                 0.39711758 
./stuff/power_report_2060_to_2064.rpt:54:Total Power:                 2.76657578 
./stuff/power_report_2064_to_2068.rpt:54:Total Power:                 0.39711758 
./stuff/power_report_2068_to_2072.rpt:54:Total Power:                 3.87372263 
./stuff/power_report_2072_to_2076.rpt:54:Total Power:                 0.39711758 
./stuff/power_report_2076_to_2080.rpt:54:Total Power:                 4.03980618 
./stuff/power_report_2080_to_2084.rpt:54:Total Power:                 0.39711758 
./stuff/power_report_2084_to_2088.rpt:54:Total Power:                 3.40488284 
./stuff/power_report_2088_to_2092.rpt:54:Total Power:                 0.39711758 
./stuff/power_report_2092_to_2096.rpt:54:Total Power:                 3.80360679 
./stuff/power_report_2096_to_2100.rpt:54:Total Power:                 0.39711758 
./stuff/power_report_2100_to_2104.rpt:54:Total Power:                 3.43904763 
./stuff/power_report_2104_to_2108.rpt:54:Total Power:                 0.39711758 
./stuff/power_report_2108_to_2112.rpt:54:Total Power:                 3.40204586 
./stuff/power_report_2112_to_2116.rpt:54:Total Power:                 0.39711758 
./stuff/power_report_2116_to_2120.rpt:54:Total Power:                 3.41948348 
./stuff/power_report_2120_to_2124.rpt:54:Total Power:                 0.39711758 
./stuff/power_report_2124_to_2128.rpt:54:Total Power:                 3.38741528 
./stuff/power_report_2128_to_2132.rpt:54:Total Power:                 0.39711758 
./stuff/power_report_2132_to_2136.rpt:54:Total Power:                 3.53485808 
./stuff/power_report_2136_to_2140.rpt:54:Total Power:                 0.39711758 
./stuff/power_report_2140_to_2144.rpt:54:Total Power:                 3.30765537 
./stuff/power_report_2144_to_2148.rpt:54:Total Power:                 0.39711758 
./stuff/power_report_2148_to_2152.rpt:54:Total Power:                 2.36464135 
./stuff/power_report_2152_to_2156.rpt:54:Total Power:                 0.39711758 
./stuff/power_report_2156_to_2160.rpt:54:Total Power:                 2.43906665 
./stuff/power_report_2160_to_2164.rpt:54:Total Power:                 0.39711758 
./stuff/power_report_2164_to_2168.rpt:54:Total Power:                 2.41483835 
./stuff/power_report_2168_to_2172.rpt:54:Total Power:                 0.39711758 
./stuff/power_report_2172_to_2176.rpt:54:Total Power:                 3.05735522 
./stuff/power_report_2176_to_2180.rpt:54:Total Power:                 0.39711758 
./stuff/power_report_2180_to_2184.rpt:54:Total Power:                 2.89492225 
./stuff/power_report_2184_to_2188.rpt:54:Total Power:                 0.39711758 
./stuff/power_report_2188_to_2192.rpt:54:Total Power:                 1.87211211 
./stuff/power_report_2192_to_2196.rpt:54:Total Power:                 0.39711758 
./stuff/power_report_2196_to_2200.rpt:54:Total Power:                 1.80561982 
./stuff/power_report_2200_to_2204.rpt:54:Total Power:                 0.39711758 
./stuff/power_report_2204_to_2208.rpt:54:Total Power:                 3.54345666 
./stuff/power_report_2208_to_2212.rpt:54:Total Power:                 0.39711758 
./stuff/power_report_2212_to_2216.rpt:54:Total Power:                 3.52331481 
./stuff/power_report_2216_to_2220.rpt:54:Total Power:                 0.39711758 
./stuff/power_report_2220_to_2224.rpt:54:Total Power:                 3.23990270 
./stuff/power_report_2224_to_2228.rpt:54:Total Power:                 0.39711758 
./stuff/power_report_2228_to_2232.rpt:54:Total Power:                 2.91269028 
./stuff/power_report_2232_to_2236.rpt:54:Total Power:                 0.39711758 
./stuff/power_report_2236_to_2240.rpt:54:Total Power:                 4.10753976 
./stuff/power_report_2240_to_2244.rpt:54:Total Power:                 0.39711758 
./stuff/power_report_2244_to_2248.rpt:54:Total Power:                 4.26380883 
./stuff/power_report_2248_to_2252.rpt:54:Total Power:                 0.39711758 
./stuff/power_report_2252_to_2256.rpt:54:Total Power:                 4.39573701 
./stuff/power_report_2256_to_2260.rpt:54:Total Power:                 0.39711758 
./stuff/power_report_2260_to_2264.rpt:54:Total Power:                 4.49698444 
./stuff/power_report_2264_to_2268.rpt:54:Total Power:                 0.39711758 
./stuff/power_report_2268_to_2272.rpt:54:Total Power:                 3.78759973 
./stuff/power_report_2272_to_2276.rpt:54:Total Power:                 0.39711758 
./stuff/power_report_2276_to_2280.rpt:54:Total Power:                 3.98030881 
./stuff/power_report_2280_to_2284.rpt:54:Total Power:                 0.39711758 
./stuff/power_report_2284_to_2288.rpt:54:Total Power:                 3.78590975 
./stuff/power_report_2288_to_2292.rpt:54:Total Power:                 0.39711758 
./stuff/power_report_2292_to_2296.rpt:54:Total Power:                 3.75332053 
./stuff/power_report_2296_to_2300.rpt:54:Total Power:                 0.39711758 
./stuff/power_report_2300_to_2304.rpt:54:Total Power:                 3.54451332 
./stuff/power_report_2304_to_2308.rpt:54:Total Power:                 0.39711758 
./stuff/power_report_2308_to_2312.rpt:54:Total Power:                 4.11251408 
./stuff/power_report_2312_to_2316.rpt:54:Total Power:                 0.39711758 
./stuff/power_report_2316_to_2320.rpt:54:Total Power:                 3.72266827 
./stuff/power_report_2320_to_2324.rpt:54:Total Power:                 0.39711758 
./stuff/power_report_2324_to_2328.rpt:54:Total Power:                 2.97180853 
./stuff/power_report_2328_to_2332.rpt:54:Total Power:                 0.39711758 
./stuff/power_report_2332_to_2336.rpt:54:Total Power:                 3.69555688 
./stuff/power_report_2336_to_2340.rpt:54:Total Power:                 0.39711758 
./stuff/power_report_2340_to_2344.rpt:54:Total Power:                 3.01463170 
./stuff/power_report_2344_to_2348.rpt:54:Total Power:                 0.39711758 
./stuff/power_report_2348_to_2352.rpt:54:Total Power:                 3.33070177 
./stuff/power_report_2352_to_2356.rpt:54:Total Power:                 0.39711758 
./stuff/power_report_2356_to_2360.rpt:54:Total Power:                 4.15262515 
./stuff/power_report_2360_to_2364.rpt:54:Total Power:                 0.39711758 
./stuff/power_report_2364_to_2368.rpt:54:Total Power:                 3.96421583 
./stuff/power_report_2368_to_2372.rpt:54:Total Power:                 0.39711758 
./stuff/power_report_2372_to_2376.rpt:54:Total Power:                 4.14698371 
./stuff/power_report_2376_to_2380.rpt:54:Total Power:                 0.39711758 
./stuff/power_report_2380_to_2384.rpt:54:Total Power:                 2.83899515 
./stuff/power_report_2384_to_2388.rpt:54:Total Power:                 0.39711758 
./stuff/power_report_2388_to_2392.rpt:54:Total Power:                 2.85860627 
./stuff/power_report_2392_to_2396.rpt:54:Total Power:                 0.39711758 
./stuff/power_report_2396_to_2400.rpt:54:Total Power:                 3.04057545 
./stuff/power_report_2400_to_2404.rpt:54:Total Power:                 0.39711758 
./stuff/power_report_2404_to_2408.rpt:54:Total Power:                 3.38299772 
./stuff/power_report_2408_to_2412.rpt:54:Total Power:                 0.39711758 
./stuff/power_report_2412_to_2416.rpt:54:Total Power:                 4.15989080 
./stuff/power_report_2416_to_2420.rpt:54:Total Power:                 0.39711758 
./stuff/power_report_2420_to_2424.rpt:54:Total Power:                 4.52038315 
./stuff/power_report_2424_to_2428.rpt:54:Total Power:                 0.39711758 
./stuff/power_report_2428_to_2432.rpt:54:Total Power:                 3.02711908 
./stuff/power_report_2432_to_2436.rpt:54:Total Power:                 0.39711758 
./stuff/power_report_2436_to_2440.rpt:54:Total Power:                 2.59463885 
./stuff/power_report_2440_to_2444.rpt:54:Total Power:                 0.39711758 
./stuff/power_report_2444_to_2448.rpt:54:Total Power:                 2.94299156 
./stuff/power_report_2448_to_2452.rpt:54:Total Power:                 0.39711758 
./stuff/power_report_2452_to_2456.rpt:54:Total Power:                 3.51564856 
./stuff/power_report_2456_to_2460.rpt:54:Total Power:                 0.39711758 
./stuff/power_report_2460_to_2464.rpt:54:Total Power:                 3.67043956 
./stuff/power_report_2464_to_2468.rpt:54:Total Power:                 0.39711758 
./stuff/power_report_2468_to_2472.rpt:54:Total Power:                 4.09594381 
./stuff/power_report_2472_to_2476.rpt:54:Total Power:                 0.39711758 
./stuff/power_report_2476_to_2480.rpt:54:Total Power:                 2.99967033 
./stuff/power_report_2480_to_2484.rpt:54:Total Power:                 0.39711758 
./stuff/power_report_2484_to_2488.rpt:54:Total Power:                 2.83185314 
./stuff/power_report_2488_to_2492.rpt:54:Total Power:                 0.39711758 
./stuff/power_report_2492_to_2496.rpt:54:Total Power:                 3.27061933 
./stuff/power_report_2496_to_2500.rpt:54:Total Power:                 0.39711758 
./stuff/power_report_2500_to_2504.rpt:54:Total Power:                 3.09754071 
./stuff/power_report_2504_to_2508.rpt:54:Total Power:                 0.39711758 
./stuff/power_report_2508_to_2512.rpt:54:Total Power:                 3.78131347 
./stuff/power_report_2512_to_2516.rpt:54:Total Power:                 0.39711758 
./stuff/power_report_2516_to_2520.rpt:54:Total Power:                 2.97552500 
./stuff/power_report_2520_to_2524.rpt:54:Total Power:                 0.39711758 
./stuff/power_report_2524_to_2528.rpt:54:Total Power:                 1.80185742 
./stuff/power_report_2528_to_2532.rpt:54:Total Power:                 0.39711758 
./stuff/power_report_2532_to_2536.rpt:54:Total Power:                 3.13354353 
./stuff/power_report_2536_to_2540.rpt:54:Total Power:                 0.39711758 
./stuff/power_report_2540_to_2544.rpt:54:Total Power:                 3.28109818 
./stuff/power_report_2544_to_2548.rpt:54:Total Power:                 0.39711758 
./stuff/power_report_2548_to_2552.rpt:54:Total Power:                 2.74270654 
./stuff/power_report_2552_to_2556.rpt:54:Total Power:                 0.39711758 
./stuff/power_report_2556_to_2560.rpt:54:Total Power:                 3.77435218 
./stuff/power_report_2560_to_2564.rpt:54:Total Power:                 0.39711758 
./stuff/power_report_2564_to_2568.rpt:54:Total Power:                 3.61139350 
./stuff/power_report_2568_to_2572.rpt:54:Total Power:                 0.39711758 
./stuff/power_report_2572_to_2576.rpt:54:Total Power:                 2.98737800 
./stuff/power_report_2576_to_2580.rpt:54:Total Power:                 0.39711758 
./stuff/power_report_2580_to_2584.rpt:54:Total Power:                 2.77129137 
./stuff/power_report_2584_to_2588.rpt:54:Total Power:                 0.39711758 
./stuff/power_report_2588_to_2592.rpt:54:Total Power:                 2.45570016 
./stuff/power_report_2592_to_2596.rpt:54:Total Power:                 0.39711758 
./stuff/power_report_2596_to_2600.rpt:54:Total Power:                 3.30404752 
./stuff/power_report_2600_to_2604.rpt:54:Total Power:                 0.39711758 
./stuff/power_report_2604_to_2608.rpt:54:Total Power:                 3.66243550 
./stuff/power_report_2608_to_2612.rpt:54:Total Power:                 0.39711758 
./stuff/power_report_2612_to_2616.rpt:54:Total Power:                 3.47183862 
./stuff/power_report_2616_to_2620.rpt:54:Total Power:                 0.39711758 
./stuff/power_report_2620_to_2624.rpt:54:Total Power:                 3.85288391 
./stuff/power_report_2624_to_2628.rpt:54:Total Power:                 0.39711758 
./stuff/power_report_2628_to_2632.rpt:54:Total Power:                 4.71573947 
./stuff/power_report_2632_to_2636.rpt:54:Total Power:                 0.39711758 
./stuff/power_report_2636_to_2640.rpt:54:Total Power:                 4.48328188 
./stuff/power_report_2640_to_2644.rpt:54:Total Power:                 0.39711758 
./stuff/power_report_2644_to_2648.rpt:54:Total Power:                 3.74472029 
./stuff/power_report_2648_to_2652.rpt:54:Total Power:                 0.39711758 
./stuff/power_report_2652_to_2656.rpt:54:Total Power:                 3.51633730 
./stuff/power_report_2656_to_2660.rpt:54:Total Power:                 0.39711758 
./stuff/power_report_2660_to_2664.rpt:54:Total Power:                 2.76187482 
./stuff/power_report_2664_to_2668.rpt:54:Total Power:                 0.39711758 
./stuff/power_report_2668_to_2672.rpt:54:Total Power:                 3.45257379 
./stuff/power_report_2672_to_2676.rpt:54:Total Power:                 0.39711758 
./stuff/power_report_2676_to_2680.rpt:54:Total Power:                 3.61713816 
./stuff/power_report_2680_to_2684.rpt:54:Total Power:                 0.39711758 
./stuff/power_report_2684_to_2688.rpt:54:Total Power:                 4.18255626 
./stuff/power_report_2688_to_2692.rpt:54:Total Power:                 0.39711758 
./stuff/power_report_2692_to_2696.rpt:54:Total Power:                 3.64806650 
./stuff/power_report_2696_to_2700.rpt:54:Total Power:                 0.39711758 
./stuff/power_report_2700_to_2704.rpt:54:Total Power:                 3.36400788 
./stuff/power_report_2704_to_2708.rpt:54:Total Power:                 0.39711758 
./stuff/power_report_2708_to_2712.rpt:54:Total Power:                 2.90620174 
./stuff/power_report_2712_to_2716.rpt:54:Total Power:                 0.39711758 
./stuff/power_report_2716_to_2720.rpt:54:Total Power:                 2.45146371 
./stuff/power_report_2720_to_2724.rpt:54:Total Power:                 0.39711758 
./stuff/power_report_2724_to_2728.rpt:54:Total Power:                 2.86005399 
./stuff/power_report_2728_to_2732.rpt:54:Total Power:                 0.39711758 
./stuff/power_report_2732_to_2736.rpt:54:Total Power:                 3.27106693 
./stuff/power_report_2736_to_2740.rpt:54:Total Power:                 0.39711758 
./stuff/power_report_2740_to_2744.rpt:54:Total Power:                 3.47839411 
./stuff/power_report_2744_to_2748.rpt:54:Total Power:                 0.39711758 
./stuff/power_report_2748_to_2752.rpt:54:Total Power:                 3.68424142 
./stuff/power_report_2752_to_2756.rpt:54:Total Power:                 0.39711758 
./stuff/power_report_2756_to_2760.rpt:54:Total Power:                 2.44968472 
./stuff/power_report_2760_to_2764.rpt:54:Total Power:                 0.39711758 
./stuff/power_report_2764_to_2768.rpt:54:Total Power:                 2.57009348 
./stuff/power_report_2768_to_2772.rpt:54:Total Power:                 0.39711758 
./stuff/power_report_2772_to_2776.rpt:54:Total Power:                 2.00360766 
./stuff/power_report_2776_to_2780.rpt:54:Total Power:                 0.39711758 
./stuff/power_report_2780_to_2784.rpt:54:Total Power:                 3.01373629 
./stuff/power_report_2784_to_2788.rpt:54:Total Power:                 0.39711758 
./stuff/power_report_2788_to_2792.rpt:54:Total Power:                 3.75748663 
./stuff/power_report_2792_to_2796.rpt:54:Total Power:                 0.39711758 
./stuff/power_report_2796_to_2800.rpt:54:Total Power:                 3.39068628 
./stuff/power_report_2800_to_2804.rpt:54:Total Power:                 0.39711758 
./stuff/power_report_2804_to_2808.rpt:54:Total Power:                 2.73602359 
./stuff/power_report_2808_to_2812.rpt:54:Total Power:                 0.39711758 
./stuff/power_report_2812_to_2816.rpt:54:Total Power:                 3.72451097 
./stuff/power_report_2816_to_2820.rpt:54:Total Power:                 0.39711758 
./stuff/power_report_2820_to_2824.rpt:54:Total Power:                 4.06973224 
./stuff/power_report_2824_to_2828.rpt:54:Total Power:                 0.39711758 
./stuff/power_report_2828_to_2832.rpt:54:Total Power:                 2.76572023 
./stuff/power_report_2832_to_2836.rpt:54:Total Power:                 0.39711758 
./stuff/power_report_2836_to_2840.rpt:54:Total Power:                 2.39985895 
./stuff/power_report_2840_to_2844.rpt:54:Total Power:                 0.39711758 
./stuff/power_report_2844_to_2848.rpt:54:Total Power:                 2.89576711 
./stuff/power_report_2848_to_2852.rpt:54:Total Power:                 0.39711758 
./stuff/power_report_2852_to_2856.rpt:54:Total Power:                 3.39493204 
./stuff/power_report_2856_to_2860.rpt:54:Total Power:                 0.39711758 
./stuff/power_report_2860_to_2864.rpt:54:Total Power:                 3.40171173 
./stuff/power_report_2864_to_2868.rpt:54:Total Power:                 0.39711758 
./stuff/power_report_2868_to_2872.rpt:54:Total Power:                 3.11880875 
./stuff/power_report_2872_to_2876.rpt:54:Total Power:                 0.39711758 
./stuff/power_report_2876_to_2880.rpt:54:Total Power:                 3.79242406 
./stuff/power_report_2880_to_2884.rpt:54:Total Power:                 0.39711758 
./stuff/power_report_2884_to_2888.rpt:54:Total Power:                 3.34906461 
./stuff/power_report_2888_to_2892.rpt:54:Total Power:                 0.39711758 
./stuff/power_report_2892_to_2896.rpt:54:Total Power:                 3.46664050 
./stuff/power_report_2896_to_2900.rpt:54:Total Power:                 0.39711758 
./stuff/power_report_2900_to_2904.rpt:54:Total Power:                 3.97375138 
./stuff/power_report_2904_to_2908.rpt:54:Total Power:                 0.39711758 
./stuff/power_report_2908_to_2912.rpt:54:Total Power:                 3.00990432 
./stuff/power_report_2912_to_2916.rpt:54:Total Power:                 0.39711758 
./stuff/power_report_2916_to_2920.rpt:54:Total Power:                 3.89001287 
./stuff/power_report_2920_to_2924.rpt:54:Total Power:                 0.39711758 
./stuff/power_report_2924_to_2928.rpt:54:Total Power:                 3.64617368 
./stuff/power_report_2928_to_2932.rpt:54:Total Power:                 0.39711758 
./stuff/power_report_2932_to_2936.rpt:54:Total Power:                 3.36334737 
./stuff/power_report_2936_to_2940.rpt:54:Total Power:                 0.39711758 
./stuff/power_report_2940_to_2944.rpt:54:Total Power:                 2.72056280 
./stuff/power_report_2944_to_2948.rpt:54:Total Power:                 0.39711758 
./stuff/power_report_2948_to_2952.rpt:54:Total Power:                 2.65705928 
./stuff/power_report_2952_to_2956.rpt:54:Total Power:                 0.39711758 
./stuff/power_report_2956_to_2960.rpt:54:Total Power:                 2.29305335 
./stuff/power_report_2960_to_2964.rpt:54:Total Power:                 0.39711758 
./stuff/power_report_2964_to_2968.rpt:54:Total Power:                 2.54186609 
./stuff/power_report_2968_to_2972.rpt:54:Total Power:                 0.39711758 
./stuff/power_report_2972_to_2976.rpt:54:Total Power:                 2.93075407 
./stuff/power_report_2976_to_2980.rpt:54:Total Power:                 0.39711758 
./stuff/power_report_2980_to_2984.rpt:54:Total Power:                 2.99020967 
./stuff/power_report_2984_to_2988.rpt:54:Total Power:                 0.39711758 
./stuff/power_report_2988_to_2992.rpt:54:Total Power:                 4.68582678 
./stuff/power_report_2992_to_2996.rpt:54:Total Power:                 0.39711758 
./stuff/power_report_2996_to_3000.rpt:54:Total Power:                 4.09292144 
./stuff/power_report_3000_to_3004.rpt:54:Total Power:                 0.39711758 
./stuff/power_report_3004_to_3008.rpt:54:Total Power:                 3.46877316 
./stuff/power_report_3008_to_3012.rpt:54:Total Power:                 0.39711758 
./stuff/power_report_3012_to_3016.rpt:54:Total Power:                 3.83682665 
./stuff/power_report_3016_to_3020.rpt:54:Total Power:                 0.39711758 
./stuff/power_report_3020_to_3024.rpt:54:Total Power:                 3.95326437 
./stuff/power_report_3024_to_3028.rpt:54:Total Power:                 0.39711758 
./stuff/power_report_3028_to_3032.rpt:54:Total Power:                 2.48086938 
./stuff/power_report_3032_to_3036.rpt:54:Total Power:                 0.39711758 
./stuff/power_report_3036_to_3040.rpt:54:Total Power:                 2.44297212 
./stuff/power_report_3040_to_3044.rpt:54:Total Power:                 0.39711758 
./stuff/power_report_3044_to_3048.rpt:54:Total Power:                 2.46646644 
./stuff/power_report_3048_to_3052.rpt:54:Total Power:                 0.39711758 
./stuff/power_report_3052_to_3056.rpt:54:Total Power:                 3.59234046 
./stuff/power_report_3056_to_3060.rpt:54:Total Power:                 0.39711758 
./stuff/power_report_3060_to_3064.rpt:54:Total Power:                 3.67616786 
./stuff/power_report_3064_to_3068.rpt:54:Total Power:                 0.39711758 
./stuff/power_report_3068_to_3072.rpt:54:Total Power:                 3.23082717 
./stuff/power_report_3072_to_3076.rpt:54:Total Power:                 0.39711758 
./stuff/power_report_3076_to_3080.rpt:54:Total Power:                 2.88070016 
./stuff/power_report_3080_to_3084.rpt:54:Total Power:                 0.39711758 
./stuff/power_report_3084_to_3088.rpt:54:Total Power:                 3.78707371 
./stuff/power_report_3088_to_3092.rpt:54:Total Power:                 0.39711758 
./stuff/power_report_3092_to_3096.rpt:54:Total Power:                 3.69608135 
./stuff/power_report_3096_to_3100.rpt:54:Total Power:                 0.39711758 
./stuff/power_report_3100_to_3104.rpt:54:Total Power:                 3.98013820 
./stuff/power_report_3104_to_3108.rpt:54:Total Power:                 0.39711758 
./stuff/power_report_3108_to_3112.rpt:54:Total Power:                 3.42519413 
./stuff/power_report_3112_to_3116.rpt:54:Total Power:                 0.39711758 
./stuff/power_report_3116_to_3120.rpt:54:Total Power:                 3.51334501 
./stuff/power_report_3120_to_3124.rpt:54:Total Power:                 0.39711758 
./stuff/power_report_3124_to_3128.rpt:54:Total Power:                 3.41013143 
./stuff/power_report_3128_to_3132.rpt:54:Total Power:                 0.39711758 
./stuff/power_report_3132_to_3136.rpt:54:Total Power:                 3.61753105 
./stuff/power_report_3136_to_3140.rpt:54:Total Power:                 0.39711758 
./stuff/power_report_3140_to_3144.rpt:54:Total Power:                 2.92479598 
./stuff/power_report_3144_to_3148.rpt:54:Total Power:                 0.39711758 
./stuff/power_report_3148_to_3152.rpt:54:Total Power:                 2.63335129 
./stuff/power_report_3152_to_3156.rpt:54:Total Power:                 0.39711758 
./stuff/power_report_3156_to_3160.rpt:54:Total Power:                 2.78787828 
./stuff/power_report_3160_to_3164.rpt:54:Total Power:                 0.39711758 
./stuff/power_report_3164_to_3168.rpt:54:Total Power:                 3.09978704 
./stuff/power_report_3168_to_3172.rpt:54:Total Power:                 0.39711758 
./stuff/power_report_3172_to_3176.rpt:54:Total Power:                 2.51796423 
./stuff/power_report_3176_to_3180.rpt:54:Total Power:                 0.39711758 
./stuff/power_report_3180_to_3184.rpt:54:Total Power:                 2.44476258 
./stuff/power_report_3184_to_3188.rpt:54:Total Power:                 0.39711758 
./stuff/power_report_3188_to_3192.rpt:54:Total Power:                 2.64444824 
./stuff/power_report_3192_to_3196.rpt:54:Total Power:                 0.39711758 
./stuff/power_report_3196_to_3200.rpt:54:Total Power:                 3.37937960 
./stuff/power_report_3200_to_3204.rpt:54:Total Power:                 0.39711758 
./stuff/power_report_3204_to_3208.rpt:54:Total Power:                 3.19519502 
./stuff/power_report_3208_to_3212.rpt:54:Total Power:                 0.39711758 
./stuff/power_report_3212_to_3216.rpt:54:Total Power:                 3.29367039 
./stuff/power_report_3216_to_3220.rpt:54:Total Power:                 0.39711758 
./stuff/power_report_3220_to_3224.rpt:54:Total Power:                 3.94030526 
./stuff/power_report_3224_to_3228.rpt:54:Total Power:                 0.39711758 
./stuff/power_report_3228_to_3232.rpt:54:Total Power:                 3.25332160 
./stuff/power_report_3232_to_3236.rpt:54:Total Power:                 0.39711758 
./stuff/power_report_3236_to_3240.rpt:54:Total Power:                 3.06954321 
./stuff/power_report_3240_to_3244.rpt:54:Total Power:                 0.39711758 
./stuff/power_report_3244_to_3248.rpt:54:Total Power:                 2.76471955 
./stuff/power_report_3248_to_3252.rpt:54:Total Power:                 0.39711758 
./stuff/power_report_3252_to_3256.rpt:54:Total Power:                 2.75881835 
./stuff/power_report_3256_to_3260.rpt:54:Total Power:                 0.39711758 
./stuff/power_report_3260_to_3264.rpt:54:Total Power:                 3.38293318 
./stuff/power_report_3264_to_3268.rpt:54:Total Power:                 0.39711758 
./stuff/power_report_3268_to_3272.rpt:54:Total Power:                 3.93557136 
./stuff/power_report_3272_to_3276.rpt:54:Total Power:                 0.39711758 
./stuff/power_report_3276_to_3280.rpt:54:Total Power:                 3.93561100 
./stuff/power_report_3280_to_3284.rpt:54:Total Power:                 0.39711758 
./stuff/power_report_3284_to_3288.rpt:54:Total Power:                 3.35291256 
./stuff/power_report_3288_to_3292.rpt:54:Total Power:                 0.39711758 
./stuff/power_report_3292_to_3296.rpt:54:Total Power:                 3.33700658 
./stuff/power_report_3296_to_3300.rpt:54:Total Power:                 0.39711758 
./stuff/power_report_3300_to_3304.rpt:54:Total Power:                 2.59849762 
./stuff/power_report_3304_to_3308.rpt:54:Total Power:                 0.39711758 
./stuff/power_report_3308_to_3312.rpt:54:Total Power:                 2.95429164 
./stuff/power_report_3312_to_3316.rpt:54:Total Power:                 0.39711758 
./stuff/power_report_3316_to_3320.rpt:54:Total Power:                 2.16855582 
./stuff/power_report_3320_to_3324.rpt:54:Total Power:                 0.39711758 
./stuff/power_report_3324_to_3328.rpt:54:Total Power:                 1.53727885 
./stuff/power_report_3328_to_3332.rpt:54:Total Power:                 0.39711758 
./stuff/power_report_3332_to_3336.rpt:54:Total Power:                 3.06430253 
./stuff/power_report_3336_to_3340.rpt:54:Total Power:                 0.39711758 
./stuff/power_report_3340_to_3344.rpt:54:Total Power:                 3.65787774 
./stuff/power_report_3344_to_3348.rpt:54:Total Power:                 0.39711758 
./stuff/power_report_3348_to_3352.rpt:54:Total Power:                 3.59993064 
./stuff/power_report_3352_to_3356.rpt:54:Total Power:                 0.39711758 
./stuff/power_report_3356_to_3360.rpt:54:Total Power:                 3.37127011 
./stuff/power_report_3360_to_3364.rpt:54:Total Power:                 0.39711758 
./stuff/power_report_3364_to_3368.rpt:54:Total Power:                 2.84766397 
./stuff/power_report_3368_to_3372.rpt:54:Total Power:                 0.39711758 
./stuff/power_report_3372_to_3376.rpt:54:Total Power:                 2.79017815 
./stuff/power_report_3376_to_3380.rpt:54:Total Power:                 0.39711758 
./stuff/power_report_3380_to_3384.rpt:54:Total Power:                 3.04641983 
./stuff/power_report_3384_to_3388.rpt:54:Total Power:                 0.39711758 
./stuff/power_report_3388_to_3392.rpt:54:Total Power:                 2.81049599 
./stuff/power_report_3392_to_3396.rpt:54:Total Power:                 0.39711758 
./stuff/power_report_3396_to_3400.rpt:54:Total Power:                 2.69204667 
./stuff/power_report_3400_to_3404.rpt:54:Total Power:                 0.39711758 
./stuff/power_report_3404_to_3408.rpt:54:Total Power:                 4.03274780 
./stuff/power_report_3408_to_3412.rpt:54:Total Power:                 0.39711758 
./stuff/power_report_3412_to_3416.rpt:54:Total Power:                 3.88179202 
./stuff/power_report_3416_to_3420.rpt:54:Total Power:                 0.39711758 
./stuff/power_report_3420_to_3424.rpt:54:Total Power:                 2.71350405 
./stuff/power_report_3424_to_3428.rpt:54:Total Power:                 0.39711758 
./stuff/power_report_3428_to_3432.rpt:54:Total Power:                 3.13708441 
./stuff/power_report_3432_to_3436.rpt:54:Total Power:                 0.39711758 
./stuff/power_report_3436_to_3440.rpt:54:Total Power:                 3.18090565 
./stuff/power_report_3440_to_3444.rpt:54:Total Power:                 0.39711758 
./stuff/power_report_3444_to_3448.rpt:54:Total Power:                 3.16301706 
./stuff/power_report_3448_to_3452.rpt:54:Total Power:                 0.39711758 
./stuff/power_report_3452_to_3456.rpt:54:Total Power:                 2.57046223 
./stuff/power_report_3456_to_3460.rpt:54:Total Power:                 0.39711758 
./stuff/power_report_3460_to_3464.rpt:54:Total Power:                 3.38019471 
./stuff/power_report_3464_to_3468.rpt:54:Total Power:                 0.39711758 
./stuff/power_report_3468_to_3472.rpt:54:Total Power:                 3.15971000 
./stuff/power_report_3472_to_3476.rpt:54:Total Power:                 0.39711758 
./stuff/power_report_3476_to_3480.rpt:54:Total Power:                 3.11219763 
./stuff/power_report_3480_to_3484.rpt:54:Total Power:                 0.39711758 
./stuff/power_report_3484_to_3488.rpt:54:Total Power:                 2.63696254 
./stuff/power_report_3488_to_3492.rpt:54:Total Power:                 0.39711758 
./stuff/power_report_3492_to_3496.rpt:54:Total Power:                 3.18179173 
./stuff/power_report_3496_to_3500.rpt:54:Total Power:                 0.39711758 
./stuff/power_report_3500_to_3504.rpt:54:Total Power:                 2.72727984 
./stuff/power_report_3504_to_3508.rpt:54:Total Power:                 0.39711758 
./stuff/power_report_3508_to_3512.rpt:54:Total Power:                 3.11631644 
./stuff/power_report_3512_to_3516.rpt:54:Total Power:                 0.39711758 
./stuff/power_report_3516_to_3520.rpt:54:Total Power:                 4.05180858 
./stuff/power_report_3520_to_3524.rpt:54:Total Power:                 0.39711758 
./stuff/power_report_3524_to_3528.rpt:54:Total Power:                 3.80866393 
./stuff/power_report_3528_to_3532.rpt:54:Total Power:                 0.39711758 
./stuff/power_report_3532_to_3536.rpt:54:Total Power:                 3.85000120 
./stuff/power_report_3536_to_3540.rpt:54:Total Power:                 0.39711758 
./stuff/power_report_3540_to_3544.rpt:54:Total Power:                 3.85311169 
./stuff/power_report_3544_to_3548.rpt:54:Total Power:                 0.39711758 
./stuff/power_report_3548_to_3552.rpt:54:Total Power:                 4.62489339 
./stuff/power_report_3552_to_3556.rpt:54:Total Power:                 0.39711758 
./stuff/power_report_3556_to_3560.rpt:54:Total Power:                 4.06022416 
./stuff/power_report_3560_to_3564.rpt:54:Total Power:                 0.39711758 
./stuff/power_report_3564_to_3568.rpt:54:Total Power:                 3.59844621 
./stuff/power_report_3568_to_3572.rpt:54:Total Power:                 0.39711758 
./stuff/power_report_3572_to_3576.rpt:54:Total Power:                 3.44891857 
./stuff/power_report_3576_to_3580.rpt:54:Total Power:                 0.39711758 
./stuff/power_report_3580_to_3584.rpt:54:Total Power:                 2.85178152 
./stuff/power_report_3584_to_3588.rpt:54:Total Power:                 0.39711758 
./stuff/power_report_3588_to_3592.rpt:54:Total Power:                 4.18860860 
./stuff/power_report_3592_to_3596.rpt:54:Total Power:                 0.39711758 
./stuff/power_report_3596_to_3600.rpt:54:Total Power:                 3.98894862 
./stuff/power_report_3600_to_3604.rpt:54:Total Power:                 0.39711758 
./stuff/power_report_3604_to_3608.rpt:54:Total Power:                 3.09994534 
./stuff/power_report_3608_to_3612.rpt:54:Total Power:                 0.39711758 
./stuff/power_report_3612_to_3616.rpt:54:Total Power:                 3.49612922 
./stuff/power_report_3616_to_3620.rpt:54:Total Power:                 0.39711758 
./stuff/power_report_3620_to_3624.rpt:54:Total Power:                 4.33368008 
./stuff/power_report_3624_to_3628.rpt:54:Total Power:                 0.39711758 
./stuff/power_report_3628_to_3632.rpt:54:Total Power:                 3.99325199 
./stuff/power_report_3632_to_3636.rpt:54:Total Power:                 0.39711758 
./stuff/power_report_3636_to_3640.rpt:54:Total Power:                 3.65136283 
./stuff/power_report_3640_to_3644.rpt:54:Total Power:                 0.39711758 
./stuff/power_report_3644_to_3648.rpt:54:Total Power:                 3.26252000 
./stuff/power_report_3648_to_3652.rpt:54:Total Power:                 0.39711758 
./stuff/power_report_3652_to_3656.rpt:54:Total Power:                 3.17311014 
./stuff/power_report_3656_to_3660.rpt:54:Total Power:                 0.39711758 
./stuff/power_report_3660_to_3664.rpt:54:Total Power:                 2.81636078 
./stuff/power_report_3664_to_3668.rpt:54:Total Power:                 0.39711758 
./stuff/power_report_3668_to_3672.rpt:54:Total Power:                 3.85079570 
./stuff/power_report_3672_to_3676.rpt:54:Total Power:                 0.39711758 
./stuff/power_report_3676_to_3680.rpt:54:Total Power:                 4.07801413 
./stuff/power_report_3680_to_3684.rpt:54:Total Power:                 0.39711758 
./stuff/power_report_3684_to_3688.rpt:54:Total Power:                 3.35616034 
./stuff/power_report_3688_to_3692.rpt:54:Total Power:                 0.39711758 
./stuff/power_report_3692_to_3696.rpt:54:Total Power:                 3.44560456 
./stuff/power_report_3696_to_3700.rpt:54:Total Power:                 0.39711758 
./stuff/power_report_3700_to_3704.rpt:54:Total Power:                 3.95427091 
./stuff/power_report_3704_to_3708.rpt:54:Total Power:                 0.39711758 
./stuff/power_report_3708_to_3712.rpt:54:Total Power:                 4.41564976 
./stuff/power_report_3712_to_3716.rpt:54:Total Power:                 0.39711758 
./stuff/power_report_3716_to_3720.rpt:54:Total Power:                 4.68839207 
./stuff/power_report_3720_to_3724.rpt:54:Total Power:                 0.39711758 
./stuff/power_report_3724_to_3728.rpt:54:Total Power:                 3.80160909 
./stuff/power_report_3728_to_3732.rpt:54:Total Power:                 0.39711758 
./stuff/power_report_3732_to_3736.rpt:54:Total Power:                 3.72610759 
./stuff/power_report_3736_to_3740.rpt:54:Total Power:                 0.39711758 
./stuff/power_report_3740_to_3744.rpt:54:Total Power:                 3.96591834 
./stuff/power_report_3744_to_3748.rpt:54:Total Power:                 0.39711758 
./stuff/power_report_3748_to_3752.rpt:54:Total Power:                 3.04916859 
./stuff/power_report_3752_to_3756.rpt:54:Total Power:                 0.39711758 
./stuff/power_report_3756_to_3760.rpt:54:Total Power:                 2.25371800 
./stuff/power_report_3760_to_3764.rpt:54:Total Power:                 0.39711758 
./stuff/power_report_3764_to_3768.rpt:54:Total Power:                 2.84268379 
./stuff/power_report_3768_to_3772.rpt:54:Total Power:                 0.39711758 
./stuff/power_report_3772_to_3776.rpt:54:Total Power:                 2.76600029 
./stuff/power_report_3776_to_3780.rpt:54:Total Power:                 0.39711758 
./stuff/power_report_3780_to_3784.rpt:54:Total Power:                 3.11390941 
./stuff/power_report_3784_to_3788.rpt:54:Total Power:                 0.39711758 
./stuff/power_report_3788_to_3792.rpt:54:Total Power:                 3.09803040 
./stuff/power_report_3792_to_3796.rpt:54:Total Power:                 0.39711758 
./stuff/power_report_3796_to_3800.rpt:54:Total Power:                 3.53081164 
./stuff/power_report_3800_to_3804.rpt:54:Total Power:                 0.39711758 
./stuff/power_report_3804_to_3808.rpt:54:Total Power:                 4.34307486 
./stuff/power_report_3808_to_3812.rpt:54:Total Power:                 0.39711758 
./stuff/power_report_3812_to_3816.rpt:54:Total Power:                 4.86941569 
./stuff/power_report_3816_to_3820.rpt:54:Total Power:                 0.39711758 
./stuff/power_report_3820_to_3824.rpt:54:Total Power:                 3.76904265 
./stuff/power_report_3824_to_3828.rpt:54:Total Power:                 0.39711758 
./stuff/power_report_3828_to_3832.rpt:54:Total Power:                 3.07604775 
./stuff/power_report_3832_to_3836.rpt:54:Total Power:                 0.39711758 
./stuff/power_report_3836_to_3840.rpt:54:Total Power:                 2.95164723 
./stuff/power_report_3840_to_3844.rpt:54:Total Power:                 0.39711758 
./stuff/power_report_3844_to_3848.rpt:54:Total Power:                 2.80584192 
./stuff/power_report_3848_to_3852.rpt:54:Total Power:                 0.39711758 
./stuff/power_report_3852_to_3856.rpt:54:Total Power:                 3.35795761 
./stuff/power_report_3856_to_3860.rpt:54:Total Power:                 0.39711758 
./stuff/power_report_3860_to_3864.rpt:54:Total Power:                 3.27562746 
./stuff/power_report_3864_to_3868.rpt:54:Total Power:                 0.39711758 
./stuff/power_report_3868_to_3872.rpt:54:Total Power:                 3.52824806 
./stuff/power_report_3872_to_3876.rpt:54:Total Power:                 0.39711758 
./stuff/power_report_3876_to_3880.rpt:54:Total Power:                 5.23341884 
./stuff/power_report_3880_to_3884.rpt:54:Total Power:                 0.39711758 
./stuff/power_report_3884_to_3888.rpt:54:Total Power:                 4.66506005 
./stuff/power_report_3888_to_3892.rpt:54:Total Power:                 0.39711758 
./stuff/power_report_3892_to_3896.rpt:54:Total Power:                 3.02336088 
./stuff/power_report_3896_to_3900.rpt:54:Total Power:                 0.39711758 
./stuff/power_report_3900_to_3904.rpt:54:Total Power:                 3.51590008 
./stuff/power_report_3904_to_3908.rpt:54:Total Power:                 0.39711758 
./stuff/power_report_3908_to_3912.rpt:54:Total Power:                 3.99203805 
./stuff/power_report_3912_to_3916.rpt:54:Total Power:                 0.39711758 
./stuff/power_report_3916_to_3920.rpt:54:Total Power:                 3.70619747 
./stuff/power_report_3920_to_3924.rpt:54:Total Power:                 0.39711758 
./stuff/power_report_3924_to_3928.rpt:54:Total Power:                 3.23733717 
./stuff/power_report_3928_to_3932.rpt:54:Total Power:                 0.39711758 
./stuff/power_report_3932_to_3936.rpt:54:Total Power:                 2.82313317 
./stuff/power_report_3936_to_3940.rpt:54:Total Power:                 0.39711758 
./stuff/power_report_3940_to_3944.rpt:54:Total Power:                 3.00854372 
./stuff/power_report_3944_to_3948.rpt:54:Total Power:                 0.39711758 
./stuff/power_report_3948_to_3952.rpt:54:Total Power:                 2.77690726 
./stuff/power_report_3952_to_3956.rpt:54:Total Power:                 0.39711758 
./stuff/power_report_3956_to_3960.rpt:54:Total Power:                 2.47149885 
./stuff/power_report_3960_to_3964.rpt:54:Total Power:                 0.39711758 
./stuff/power_report_3964_to_3968.rpt:54:Total Power:                 2.47955899 
./stuff/power_report_3968_to_3972.rpt:54:Total Power:                 0.39711758 
./stuff/power_report_3972_to_3976.rpt:54:Total Power:                 2.80308126 
./stuff/power_report_3976_to_3980.rpt:54:Total Power:                 0.39711758 
./stuff/power_report_3980_to_3984.rpt:54:Total Power:                 3.39169136 
./stuff/power_report_3984_to_3988.rpt:54:Total Power:                 0.39711758 
./stuff/power_report_3988_to_3992.rpt:54:Total Power:                 3.40891750 
./stuff/power_report_3992_to_3996.rpt:54:Total Power:                 0.39711758 
./stuff/power_report_3996_to_4000.rpt:54:Total Power:                 3.96899285 
